
Hi@DESKTOP-85CN1LA MINGW64 /d/DevOps/Test/batch102 (main)
$ ls
Abhilash  dir3/  file2  file5  file9     kal/      kalyani3  prasad     test2  test5
dir1/     dir4/  file3  file6  jashu/    kalyani   mutyalu   README.md  test3  test-mutyalu/
dir2/     file1  file4  file8  jaswanth  kalyani2  nani1     test1      test4

Hi@DESKTOP-85CN1LA MINGW64 /d/DevOps/Test/batch102 (main)
$ cd test-mytyalu
bash: cd: test-mytyalu: No such file or directory

Hi@DESKTOP-85CN1LA MINGW64 /d/DevOps/Test/batch102 (main)
$ cd test-mutyalu

Hi@DESKTOP-85CN1LA MINGW64 /d/DevOps/Test/batch102/test-mutyalu (main)
$ ls
file1  file2

Hi@DESKTOP-85CN1LA MINGW64 /d/DevOps/Test/batch102/test-mutyalu (main)
$ touch test1 test2

Hi@DESKTOP-85CN1LA MINGW64 /d/DevOps/Test/batch102/test-mutyalu (main)
$ cd ..

Hi@DESKTOP-85CN1LA MINGW64 /d/DevOps/Test/batch102 (main)
$ git add .

Hi@DESKTOP-85CN1LA MINGW64 /d/DevOps/Test/batch102 (main)
$ git status
On branch main
Your branch is up to date with 'origin/main'.

Changes to be committed:
  (use "git restore --staged <file>..." to unstage)
          new file:   test-mutyalu/test1
	          new file:   test-mutyalu/test2
Hi@DESKTOP-85CN1LA MINGW64 /d/DevOps/Test/batch102 (main)
$ git commit -m "files added in directory with actions file"
[main 5da8cf5] files added in directory with actions file
 3 files changed, 36 insertions(+)
  create mode 100644 test-mutyalu/actions
   create mode 100644 test-mutyalu/test1
    create mode 100644 test-mutyalu/test2

    Hi@DESKTOP-85CN1LA MINGW64 /d/DevOps/Test/batch102 (main)
    $ git push
    To https://github.com/polarapu/batch102.git
     ! [rejected]        main -> main (fetch first)
     error: failed to push some refs to 'https://github.com/polarapu/batch102.git'
     hint: Updates were rejected because the remote contains work that you do not
     hint: have locally. This is usually caused by another repository pushing to
     hint: the same ref. If you want to integrate the remote changes, use
     hint: 'git pull' before pushing again.
     hint: See the 'Note about fast-forwards' in 'git push --help' for details.

     Hi@DESKTOP-85CN1LA MINGW64 /d/DevOps/Test/batch102 (main)
     $ git pull --rebase
     remote: Enumerating objects: 25, done.
     remote: Counting objects: 100% (25/25), done.
     remote: Compressing objects: 100% (17/17), done.
     remote: Total 23 (delta 9), reused 17 (delta 4), pack-reused 0
     Unpacking objects: 100% (23/23), 2.05 KiB | 7.00 KiB/s, done.
     From https://github.com/polarapu/batch102
        19ef99c..b477014  main       -> origin/main
	Successfully rebased and updated refs/heads/main.

	Hi@DESKTOP-85CN1LA MINGW64 /d/DevOps/Test/batch102 (main)
	$ git push
	Enumerating objects: 6, done.
	Counting objects: 100% (6/6), done.
	Delta compression using up to 4 threads
	Compressing objects: 100% (4/4), done.
	Writing objects: 100% (4/4), 778 bytes | 97.00 KiB/s, done.
	Total 4 (delta 1), reused 0 (delta 0), pack-reused 0 (from 0)
	remote: Resolving deltas: 100% (1/1), completed with 1 local object.
	To https://github.com/polarapu/batch102.git
	   b477014..e217de3  main -> main

	   Hi@DESKTOP-85CN1LA MINGW64 /d/DevOps/Test/batch102 (main)
	  Hi@DESKTOP-85CN1LA MINGW64 /d/DevOps/Test/batch102 (main)
	  $ git add
	  Nothing specified, nothing added.
	  hint: Maybe you wanted to say 'git add .'?
	  hint: Turn this message off by running
	  hint: "git config advice.addEmptyPathspec false"

	  Hi@DESKTOP-85CN1LA MINGW64 /d/DevOps/Test/batch102 (main)
	  $ git status
	  On branch main
	  Your branch is up to date with 'origin/main'.

	  Changes not staged for commit:
	    (use "git add/rm <file>..." to update what will be committed)
	      (use "git restore <file>..." to discard changes in working directory)
	              modified:   test-mutyalu/actions
		              deleted:    test-mutyalu/test1
			              deleted:    test-mutyalu/test2

				      no changes added to commit (use "git add" and/or "git commit -a")

				      Hi@DESKTOP-85CN1LA MINGW64 /d/DevOps/Test/batch102 (main)
				      $ cd test-mutyalu

				      Hi@DESKTOP-85CN1LA MINGW64 /d/DevOps/Test/batch102/test-mutyalu (main)
				      $ git add
				      Nothing specified, nothing added.
				      hint: Maybe you wanted to say 'git add .'?
				      hint: Turn this message off by running
				      hint: "git config advice.addEmptyPathspec false"

				      Hi@DESKTOP-85CN1LA MINGW64 /d/DevOps/Test/batch102/test-mutyalu (main)
				      $ git add .

				      Hi@DESKTOP-85CN1LA MINGW64 /d/DevOps/Test/batch102/test-mutyalu (main)
$ git status
				      On branch main
				      Your branch is up to date with 'origin/main'.

				      Changes to be committed:
				        (use "git restore --staged <file>..." to unstage)
					        modified:   actions
						        deleted:    test1
							        deleted:    test2


								Hi@DESKTOP-85CN1LA MINGW64 /d/DevOps/Test/batch102/test-mutyalu (main)
$ git commit -m "test1 test2 files deleted"
								[main 3c90d48] test1 test2 files deleted
								 3 files changed, 44 insertions(+)
								  delete mode 100644 test-mutyalu/test1
								   delete mode 100644 test-mutyalu/test2

								   Hi@DESKTOP-85CN1LA MINGW64 /d/DevOps/Test/batch102/test-mutyalu (main)
								   $ cd ..

								   Hi@DESKTOP-85CN1LA MINGW64 /d/DevOps/Test/batch102 (main)
								   $ git push
								   Enumerating objects: 7, done.
								   Counting objects: 100% (7/7), done.
								   Delta compression using up to 4 threads
								   Compressing objects: 100% (4/4), done.
								   Writing objects: 100% (4/4), 1.42 KiB | 132.00 KiB/s, done.
								   Total 4 (delta 1), reused 0 (delta 0), pack-reused 0 (from 0)
								   remote: Resolving deltas: 100% (1/1), completed with 1 local object.
								   To https://github.com/polarapu/batch102.git
								      e217de3..3c90d48  main -
